// Jest Snapshot v1, https://goo.gl/fbAQLP

exports[`<Task /> should match the snapshot 1`] = `
<body>
  <div>
    <li
      class="MuiListItem-root tasks__item MuiListItem-gutters"
    >
      <div
        class="MuiListItemIcon-root"
      >
        <svg
          aria-hidden="true"
          class="MuiSvgIcon-root"
          focusable="false"
          viewBox="0 0 24 24"
        >
          <path
            d="M22 5.72l-4.6-3.86-1.29 1.53 4.6 3.86L22 5.72zM7.88 3.39L6.6 1.86 2 5.71l1.29 1.53 4.59-3.85zM12.5 8H11v6l4.75 2.85.75-1.23-4-2.37V8zM12 4c-4.97 0-9 4.03-9 9s4.02 9 9 9c4.97 0 9-4.03 9-9s-4.03-9-9-9zm0 16c-3.87 0-7-3.13-7-7s3.13-7 7-7 7 3.13 7 7-3.13 7-7 7z"
          />
        </svg>
      </div>
      <div
        class="MuiListItemText-root item__text"
      >
        <span
          class="MuiTypography-root MuiListItemText-primary MuiTypography-body1 MuiTypography-displayBlock"
        >
          title example
        </span>
      </div>
      <div
        class="MuiListItemIcon-root item__deleteIcon"
      >
        <svg
          aria-hidden="true"
          class="MuiSvgIcon-root"
          focusable="false"
          viewBox="0 0 24 24"
        >
          <path
            d="M6 19c0 1.1.9 2 2 2h8c1.1 0 2-.9 2-2V7H6v12zM19 4h-3.5l-1-1h-5l-1 1H5v2h14V4z"
          />
        </svg>
      </div>
    </li>
  </div>
</body>
`;
